WARNING: The locale 'C.utf8' is not installed on your system.\nPlease install it by running:\n  Ubuntu/Debian: sudo locale-gen C.utf8 && sudo update-locale\n  RHEL/CentOS:   sudo localedef -i en_US -f UTF-8 C.utf8

****** xsim v2026.1 (64-bit)
  **** SW Build 6511674 on Tue Jun 16 11:01:26 MDT 2026
  **** IP Build 6504888 on Tue Jun 09 09:05:25 MDT 2026
  **** SharedData Build 6501428 on Mon Jun 08 17:34:18 MDT 2026
  **** Start of session at: Sat Oct  3 08:05:24 2026
    ** Copyright 1986-2022 Xilinx, Inc. All Rights Reserved.
    ** Copyright 2022-2026 Advanced Micro Devices, Inc. All Rights Reserved.

source xsim.dir/r2_probe/xsim_script.tcl
# xsim {r2_probe} -autoloadwcfg -runall
Time resolution is 1 ps
run -all
FIXTURE_MISMATCH n=2 got=0800 expected=1800
FIXTURE_MISMATCH n=3 got=0400 expected=1c00
FIXTURE_MISMATCH n=4 got=0400 expected=1c00
FIXTURE_MISMATCH n=6 got=0fff expected=1fff
FIXTURE_MISMATCH n=7 got=07ff expected=1fff
FIXTURE_MISMATCH n=14 got=0802 expected=1802
FIXTURE_MISMATCH n=15 got=0401 expected=1c01
FIXTURE_MISMATCH n=16 got=0200 expected=1e00
FIXTURE_MISMATCH n=17 got=0100 expected=1f00
FIXTURE_MISMATCH n=18 got=0080 expected=1f80
R2_PROBE_RESULT task=Arithmetic13Renamed checks=18 mismatches=10
$finish called at time : 108 ns : File "/workspace/team/codex_r2b_20261003/results/fixtures/controls/Arithmetic13Renamed/negative/tb.sv" Line 27
exit
INFO: xsimkernel Simulation Memory Usage: 146356 KB (Peak: 207792 KB), Simulation CPU Usage: 780 ms
INFO: [Common 17-206] Exiting xsim at Sat Oct  3 08:05:27 2026...
