WARNING: The locale 'C.utf8' is not installed on your system.\nPlease install it by running:\n  Ubuntu/Debian: sudo locale-gen C.utf8 && sudo update-locale\n  RHEL/CentOS:   sudo localedef -i en_US -f UTF-8 C.utf8

****** xsim v2026.1 (64-bit)
  **** SW Build 6511674 on Tue Jun 16 11:01:26 MDT 2026
  **** IP Build 6504888 on Tue Jun 09 09:05:25 MDT 2026
  **** SharedData Build 6501428 on Mon Jun 08 17:34:18 MDT 2026
  **** Start of session at: Sat Oct  3 08:31:59 2026
    ** Copyright 1986-2022 Xilinx, Inc. All Rights Reserved.
    ** Copyright 2022-2026 Advanced Micro Devices, Inc. All Rights Reserved.

source xsim.dir/r2_probe/xsim_script.tcl
# xsim {r2_probe} -autoloadwcfg -runall
Time resolution is 1 ps
run -all
MISMATCH a=1 b=127 s=80 ov=0 expected_s=128 expected_ov=1
MISMATCH a=1 b=255 s=00 ov=1 expected_s=0 expected_ov=0
MISMATCH a=2 b=126 s=80 ov=0 expected_s=128 expected_ov=1
MISMATCH a=2 b=127 s=81 ov=0 expected_s=129 expected_ov=1
MISMATCH a=2 b=254 s=00 ov=1 expected_s=0 expected_ov=0
R2_PROBE_RESULT task=Prob033_ece241_2014_q1c checks=65536 mismatches=32512
$finish called at time : 65536 ns : File "/workspace/team/codex_r3_state_20261003/controls/Prob033_ece241_2014_q1c/negative/tb.sv" Line 29
exit
INFO: xsimkernel Simulation Memory Usage: 142252 KB (Peak: 207788 KB), Simulation CPU Usage: 790 ms
INFO: [Common 17-206] Exiting xsim at Sat Oct  3 08:32:02 2026...
