WARNING: The locale 'C.utf8' is not installed on your system.\nPlease install it by running:\n  Ubuntu/Debian: sudo locale-gen C.utf8 && sudo update-locale\n  RHEL/CentOS:   sudo localedef -i en_US -f UTF-8 C.utf8

****** xsim v2026.1 (64-bit)
  **** SW Build 6511674 on Tue Jun 16 11:01:26 MDT 2026
  **** IP Build 6504888 on Tue Jun 09 09:05:25 MDT 2026
  **** SharedData Build 6501428 on Mon Jun 08 17:34:18 MDT 2026
  **** Start of session at: Sat Oct  3 08:07:10 2026
    ** Copyright 1986-2022 Xilinx, Inc. All Rights Reserved.
    ** Copyright 2022-2026 Advanced Micro Devices, Inc. All Rights Reserved.

source xsim.dir/r2_probe/xsim_script.tcl
# xsim {r2_probe} -autoloadwcfg -runall
Time resolution is 1 ps
run -all
MISMATCH x=1 y=15 sum=00000 expected=16
MISMATCH x=2 y=14 sum=00000 expected=16
MISMATCH x=2 y=15 sum=00001 expected=17
MISMATCH x=3 y=13 sum=00000 expected=16
MISMATCH x=3 y=14 sum=00001 expected=17
R2_PROBE_RESULT task=Prob016_m2014_q4j checks=256 mismatches=120
$finish called at time : 256 ns : File "/workspace/team/codex_r2b_20261003/results/guards/Prob016_m2014_q4j/negative/tb.sv" Line 21
exit
INFO: xsimkernel Simulation Memory Usage: 142248 KB (Peak: 207784 KB), Simulation CPU Usage: 780 ms
INFO: [Common 17-206] Exiting xsim at Sat Oct  3 08:07:12 2026...
