WARNING: The locale 'C.utf8' is not installed on your system.\nPlease install it by running:\n  Ubuntu/Debian: sudo locale-gen C.utf8 && sudo update-locale\n  RHEL/CentOS:   sudo localedef -i en_US -f UTF-8 C.utf8

****** xsim v2026.1 (64-bit)
  **** SW Build 6511674 on Tue Jun 16 11:01:26 MDT 2026
  **** IP Build 6504888 on Tue Jun 09 09:05:25 MDT 2026
  **** SharedData Build 6501428 on Mon Jun 08 17:34:18 MDT 2026
  **** Start of session at: Sat Oct  3 08:05:41 2026
    ** Copyright 1986-2022 Xilinx, Inc. All Rights Reserved.
    ** Copyright 2022-2026 Advanced Micro Devices, Inc. All Rights Reserved.

source xsim.dir/r2_probe/xsim_script.tcl
# xsim {r2_probe} -autoloadwcfg -runall
Time resolution is 1 ps
run -all
FIXTURE_MISMATCH n=2 got=40 expected=c0
FIXTURE_MISMATCH n=3 got=20 expected=e0
FIXTURE_MISMATCH n=4 got=20 expected=e0
FIXTURE_MISMATCH n=6 got=7f expected=ff
FIXTURE_MISMATCH n=7 got=3f expected=ff
FIXTURE_MISMATCH n=14 got=42 expected=c2
FIXTURE_MISMATCH n=15 got=21 expected=e1
FIXTURE_MISMATCH n=16 got=10 expected=f0
FIXTURE_MISMATCH n=17 got=08 expected=f8
FIXTURE_MISMATCH n=18 got=04 expected=fc
R2_PROBE_RESULT task=Arithmetic8 checks=18 mismatches=10
$finish called at time : 108 ns : File "/workspace/team/codex_r2b_20261003/results/fixtures/cases/unsigned8/tb.sv" Line 27
exit
INFO: xsimkernel Simulation Memory Usage: 146356 KB (Peak: 207792 KB), Simulation CPU Usage: 770 ms
INFO: [Common 17-206] Exiting xsim at Sat Oct  3 08:05:44 2026...
