{
  "valid": true,
  "tasks": {
    "Prob115_shift18": {
      "valid": true,
      "positive": [
        "pass",
        0
      ],
      "negative": [
        "fail",
        12
      ]
    },
    "Prob042_vector4": {
      "valid": true,
      "positive": [
        "pass",
        0
      ],
      "negative": [
        "fail",
        128
      ]
    },
    "Prob055_conditional": {
      "valid": true,
      "positive": [
        "pass",
        0
      ],
      "negative": [
        "fail",
        3390
      ]
    }
  }
}
