
===== [synth] vivado -mode batch -nojournal -notrace -source /workspace/team/tasks/autodl-rtl-kit/project/official_reference/selftest/judge/l3_synth.tcl -tclargs xczu3eg-sbva484-1-e /workspace/team/runs/fpga_owner/r2_signedness_20261003T074100Z/grading_20261003T074233_162723Z/official_00_Prob115_shift18_pair0_diagnostic/judge-scratch-jqdsih_q/judge_Prob115_shift18_2776966/dut.sv TopModule 5.0 /workspace/team/runs/fpga_owner/r2_signedness_20261003T074100Z/grading_20261003T074233_162723Z/official_00_Prob115_shift18_pair0_diagnostic/judge-scratch-jqdsih_q/judge_Prob115_shift18_2776966/w/synth/synth.json =====
WARNING: The locale 'C.utf8' is not installed on your system.\nPlease install it by running:\n  Ubuntu/Debian: sudo locale-gen C.utf8 && sudo update-locale\n  RHEL/CentOS:   sudo localedef -i en_US -f UTF-8 C.utf8
INFO: [Common 17-3922] A valid Vivado Design Suite BASIC license has been detected. Your current license is active and will expire on 01-oct-2027.

****** Vivado v2026.1 (64-bit)
  **** SW Build 6511674 on Tue Jun 16 11:01:26 MDT 2026
  **** IP Build 6504888 on Tue Jun 09 09:05:25 MDT 2026
  **** SharedData Build 6501428 on Mon Jun 08 17:34:18 MDT 2026
  **** Start of session at: Sat Oct  3 07:42:42 2026
    ** Copyright 1986-2022 Xilinx, Inc. All Rights Reserved.
    ** Copyright 2022-2026 Advanced Micro Devices, Inc. All Rights Reserved.

source /workspace/team/tasks/autodl-rtl-kit/project/official_reference/selftest/judge/l3_synth.tcl -notrace
Command: synth_design -top TopModule -mode out_of_context -part xczu3eg-sbva484-1-e
Starting synth_design
Attempting to get a license for feature 'Vivado_Synthesis' and/or device 'xczu3eg'
INFO: [Common 17-349] Got license for feature 'Vivado_Synthesis' and/or device 'xczu3eg'
INFO: [Synth 8-7079] Multithreading enabled for synth_design using a maximum of 7 processes.
INFO: [Synth 8-7078] Launching helper process for spawning children vivado processes
INFO: [Synth 8-7075] Helper process launched with PID 2777598
---------------------------------------------------------------------------------
Starting Synthesize : Time (s): cpu = 00:00:03 ; elapsed = 00:00:03 . Memory (MB): peak = 2200.051 ; gain = 502.523 ; free physical = 96533 ; free virtual = 442405
---------------------------------------------------------------------------------
INFO: [Synth 8-6157] synthesizing module 'TopModule' [/workspace/team/runs/fpga_owner/r2_signedness_20261003T074100Z/grading_20261003T074233_162723Z/official_00_Prob115_shift18_pair0_diagnostic/judge-scratch-jqdsih_q/judge_Prob115_shift18_2776966/dut.sv:1]
INFO: [Synth 8-226] default block is never used [/workspace/team/runs/fpga_owner/r2_signedness_20261003T074100Z/grading_20261003T074233_162723Z/official_00_Prob115_shift18_pair0_diagnostic/judge-scratch-jqdsih_q/judge_Prob115_shift18_2776966/dut.sv:16]
INFO: [Synth 8-6155] done synthesizing module 'TopModule' (0#1) [/workspace/team/runs/fpga_owner/r2_signedness_20261003T074100Z/grading_20261003T074233_162723Z/official_00_Prob115_shift18_pair0_diagnostic/judge-scratch-jqdsih_q/judge_Prob115_shift18_2776966/dut.sv:1]
---------------------------------------------------------------------------------
Finished Synthesize : Time (s): cpu = 00:00:04 ; elapsed = 00:00:04 . Memory (MB): peak = 2286.020 ; gain = 588.492 ; free physical = 96488 ; free virtual = 442361
---------------------------------------------------------------------------------
---------------------------------------------------------------------------------
Finished Constraint Validation : Time (s): cpu = 00:00:04 ; elapsed = 00:00:05 . Memory (MB): peak = 2300.863 ; gain = 603.336 ; free physical = 96515 ; free virtual = 442389
---------------------------------------------------------------------------------
---------------------------------------------------------------------------------
Start Loading Part and Timing Information
---------------------------------------------------------------------------------
Loading part: xczu3eg-sbva484-1-e
INFO: [Synth 8-6742] Reading net delay rules and data
INFO: [Device 21-403] Loading part xczu3eg-sbva484-1-e
---------------------------------------------------------------------------------
Finished Loading Part and Timing Information : Time (s): cpu = 00:00:05 ; elapsed = 00:00:05 . Memory (MB): peak = 2306.801 ; gain = 609.273 ; free physical = 96514 ; free virtual = 442387
---------------------------------------------------------------------------------
---------------------------------------------------------------------------------
Finished RTL Optimization Phase 2 : Time (s): cpu = 00:00:05 ; elapsed = 00:00:05 . Memory (MB): peak = 2306.801 ; gain = 609.273 ; free physical = 96500 ; free virtual = 442374
---------------------------------------------------------------------------------
No constraint files found.
---------------------------------------------------------------------------------
Start RTL Component Statistics 
---------------------------------------------------------------------------------
Detailed RTL Component Info : 
+---Registers : 
	               64 Bit    Registers := 1     
+---Muxes : 
	   4 Input   64 Bit        Muxes := 1     
	   2 Input   64 Bit        Muxes := 1     
	   2 Input    1 Bit        Muxes := 1     
---------------------------------------------------------------------------------
Finished RTL Component Statistics 
---------------------------------------------------------------------------------
---------------------------------------------------------------------------------
Start Part Resource Summary
---------------------------------------------------------------------------------
Part Resources:
DSPs: 360 (col length:72)
BRAMs: 432 (col length: RAMB18 72 RAMB36 36)
---------------------------------------------------------------------------------
Finished Part Resource Summary
---------------------------------------------------------------------------------
No constraint files found.
---------------------------------------------------------------------------------
Start Cross Boundary and Area Optimization
---------------------------------------------------------------------------------
---------------------------------------------------------------------------------
Finished Cross Boundary and Area Optimization : Time (s): cpu = 00:00:09 ; elapsed = 00:00:09 . Memory (MB): peak = 3028.645 ; gain = 1331.117 ; free physical = 95829 ; free virtual = 441713
---------------------------------------------------------------------------------
No constraint files found.
---------------------------------------------------------------------------------
Start Timing Optimization
---------------------------------------------------------------------------------
---------------------------------------------------------------------------------
Finished Timing Optimization : Time (s): cpu = 00:00:09 ; elapsed = 00:00:09 . Memory (MB): peak = 3028.645 ; gain = 1331.117 ; free physical = 95822 ; free virtual = 441705
---------------------------------------------------------------------------------
---------------------------------------------------------------------------------
Start Technology Mapping
---------------------------------------------------------------------------------
---------------------------------------------------------------------------------
Finished Technology Mapping : Time (s): cpu = 00:00:09 ; elapsed = 00:00:09 . Memory (MB): peak = 3028.645 ; gain = 1331.117 ; free physical = 95821 ; free virtual = 441705
---------------------------------------------------------------------------------
---------------------------------------------------------------------------------
Start IO Insertion
---------------------------------------------------------------------------------
---------------------------------------------------------------------------------
Start Flattening Before IO Insertion
---------------------------------------------------------------------------------
---------------------------------------------------------------------------------
Finished Flattening Before IO Insertion
---------------------------------------------------------------------------------
---------------------------------------------------------------------------------
Start Final Netlist Cleanup
---------------------------------------------------------------------------------
---------------------------------------------------------------------------------
Finished Final Netlist Cleanup
---------------------------------------------------------------------------------
---------------------------------------------------------------------------------
Finished IO Insertion : Time (s): cpu = 00:00:11 ; elapsed = 00:00:12 . Memory (MB): peak = 3074.457 ; gain = 1376.930 ; free physical = 95775 ; free virtual = 441672
---------------------------------------------------------------------------------
---------------------------------------------------------------------------------
Start Renaming Generated Instances
---------------------------------------------------------------------------------
---------------------------------------------------------------------------------
Finished Renaming Generated Instances : Time (s): cpu = 00:00:11 ; elapsed = 00:00:12 . Memory (MB): peak = 3074.457 ; gain = 1376.930 ; free physical = 95775 ; free virtual = 441672
---------------------------------------------------------------------------------
---------------------------------------------------------------------------------
Start Rebuilding User Hierarchy
---------------------------------------------------------------------------------
---------------------------------------------------------------------------------
Finished Rebuilding User Hierarchy : Time (s): cpu = 00:00:11 ; elapsed = 00:00:12 . Memory (MB): peak = 3074.457 ; gain = 1376.930 ; free physical = 95775 ; free virtual = 441672
---------------------------------------------------------------------------------
---------------------------------------------------------------------------------
Start Renaming Generated Ports
---------------------------------------------------------------------------------
---------------------------------------------------------------------------------
Finished Renaming Generated Ports : Time (s): cpu = 00:00:11 ; elapsed = 00:00:12 . Memory (MB): peak = 3074.457 ; gain = 1376.930 ; free physical = 95775 ; free virtual = 441672
---------------------------------------------------------------------------------
---------------------------------------------------------------------------------
Start Handling Custom Attributes
---------------------------------------------------------------------------------
---------------------------------------------------------------------------------
Finished Handling Custom Attributes : Time (s): cpu = 00:00:11 ; elapsed = 00:00:12 . Memory (MB): peak = 3074.457 ; gain = 1376.930 ; free physical = 95775 ; free virtual = 441673
---------------------------------------------------------------------------------
---------------------------------------------------------------------------------
Start Renaming Generated Nets
---------------------------------------------------------------------------------
---------------------------------------------------------------------------------
Finished Renaming Generated Nets : Time (s): cpu = 00:00:11 ; elapsed = 00:00:12 . Memory (MB): peak = 3074.457 ; gain = 1376.930 ; free physical = 95775 ; free virtual = 441673
---------------------------------------------------------------------------------
---------------------------------------------------------------------------------
Start Writing Synthesis Report
---------------------------------------------------------------------------------

Report BlackBoxes: 
+-+--------------+----------+
| |BlackBox name |Instances |
+-+--------------+----------+
+-+--------------+----------+

Report Cell Usage: 
+------+-----+------+
|      |Cell |Count |
+------+-----+------+
|1     |LUT2 |     1|
|2     |LUT3 |    63|
|3     |LUT5 |     9|
|4     |LUT6 |    55|
|5     |FDRE |    64|
+------+-----+------+

Report Instance Areas: 
+------+---------+-------+------+
|      |Instance |Module |Cells |
+------+---------+-------+------+
|1     |top      |       |   192|
+------+---------+-------+------+
---------------------------------------------------------------------------------
Finished Writing Synthesis Report : Time (s): cpu = 00:00:11 ; elapsed = 00:00:12 . Memory (MB): peak = 3074.457 ; gain = 1376.930 ; free physical = 95775 ; free virtual = 441673
---------------------------------------------------------------------------------
Synthesis finished with 0 errors, 0 critical warnings and 0 warnings.
Synthesis Optimization Runtime : Time (s): cpu = 00:00:11 ; elapsed = 00:00:12 . Memory (MB): peak = 3074.457 ; gain = 1376.930 ; free physical = 95775 ; free virtual = 441673
Synthesis Optimization Complete : Time (s): cpu = 00:00:11 ; elapsed = 00:00:12 . Memory (MB): peak = 3077.426 ; gain = 1376.930 ; free physical = 95775 ; free virtual = 441673
INFO: [Project 1-571] Translating synthesized netlist
Netlist sorting complete. Time (s): cpu = 00:00:00 ; elapsed = 00:00:00 . Memory (MB): peak = 3089.332 ; gain = 0.000 ; free physical = 95855 ; free virtual = 441753
INFO: [Project 1-570] Preparing netlist for logic optimization
INFO: [Opt 31-138] Pushed 0 inverter(s) to 0 load pin(s).
Netlist sorting complete. Time (s): cpu = 00:00:00 ; elapsed = 00:00:00 . Memory (MB): peak = 3210.914 ; gain = 0.000 ; free physical = 95805 ; free virtual = 441707
INFO: [Project 1-111] Unisim Transformation Summary:
No Unisim elements were transformed.

Synth Design complete | Checksum: 582f5330
INFO: [Common 17-83] Releasing license: Vivado_Synthesis
14 Infos, 0 Warnings, 0 Critical Warnings and 0 Errors encountered.
synth_design completed successfully
synth_design: Time (s): cpu = 00:00:15 ; elapsed = 00:00:14 . Memory (MB): peak = 3213.883 ; gain = 1516.355 ; free physical = 95799 ; free virtual = 441702
INFO: [Common 17-2834] synth_design peak Physical Memory [PSS] (MB): overall = 2415.106; main = 2342.186; forked = 248.844
INFO: [Common 17-2834] synth_design peak Virtual Memory [VSS] (MB): overall = 4050.816; main = 3213.887; forked = 1022.168
INFO: [Timing 38-35] Done setting XDC timing constraints.
L3_OK: LUT=128 FF=64 DSP=0 BRAM=0 Fmax=1168.2
INFO: [Common 17-206] Exiting Vivado at Sat Oct  3 07:43:17 2026...
