WARNING: The locale 'C.utf8' is not installed on your system.\nPlease install it by running:\n  Ubuntu/Debian: sudo locale-gen C.utf8 && sudo update-locale\n  RHEL/CentOS:   sudo localedef -i en_US -f UTF-8 C.utf8

****** xsim v2026.1 (64-bit)
  **** SW Build 6511674 on Tue Jun 16 11:01:26 MDT 2026
  **** IP Build 6504888 on Tue Jun 09 09:05:25 MDT 2026
  **** SharedData Build 6501428 on Mon Jun 08 17:34:18 MDT 2026
  **** Start of session at: Sat Oct  3 07:38:22 2026
    ** Copyright 1986-2022 Xilinx, Inc. All Rights Reserved.
    ** Copyright 2022-2026 Advanced Micro Devices, Inc. All Rights Reserved.

source xsim.dir/r2_probe/xsim_script.tcl
# xsim {r2_probe} -autoloadwcfg -runall
Time resolution is 1 ps
run -all
R2_MISMATCH n=2 got=4091a2b3c4d5e6f7 expected=c091a2b3c4d5e6f7
R2_MISMATCH n=3 got=004091a2b3c4d5e6 expected=ffc091a2b3c4d5e6
R2_MISMATCH n=19 got=0080000000000000 expected=ff80000000000000
R2_MISMATCH n=20 got=0000800000000000 expected=ffff800000000000
R2_MISMATCH n=21 got=0000008000000000 expected=ffffff8000000000
R2_MISMATCH n=22 got=0000000080000000 expected=ffffffff80000000
R2_MISMATCH n=23 got=0000000000800000 expected=ffffffffff800000
R2_MISMATCH n=24 got=0000000000008000 expected=ffffffffffff8000
R2_PROBE_RESULT task=Prob115_shift18 checks=31 mismatches=12
$finish called at time : 186 ns : File "/workspace/team/codex_r2_20261003/controls/Prob115_shift18/negative/tb.sv" Line 79
exit
INFO: xsimkernel Simulation Memory Usage: 142260 KB (Peak: 207796 KB), Simulation CPU Usage: 780 ms
INFO: [Common 17-206] Exiting xsim at Sat Oct  3 07:38:25 2026...
