INFO: [Common 17-3922] A valid Vivado Design Suite BASIC license has been detected. Your current license is active and will expire on 01-oct-2027.
#-----------------------------------------------------------
# Vivado v2026.1 (64-bit)
# SW Build 6511674 on Tue Jun 16 11:01:26 MDT 2026
# IP Build 6504888 on Tue Jun 09 09:05:25 MDT 2026
# SharedData Build 6501428 on Mon Jun 08 17:34:18 MDT 2026
# Start of session at: Sat Oct  3 07:47:40 2026
# Process ID         : 2785180
# Current directory  : /workspace/team/runs/fpga_owner/r2_signedness_20261003T074100Z/grading_20261003T074233_162723Z/official_11_Prob055_conditional_pair1_diagnostic/judge-scratch-wrqt5_8u/judge_Prob055_conditional_2784577/w/synth
# Command line       : vivado -mode batch -nojournal -notrace -source /workspace/team/tasks/autodl-rtl-kit/project/official_reference/selftest/judge/l3_synth.tcl -tclargs xczu3eg-sbva484-1-e /workspace/team/runs/fpga_owner/r2_signedness_20261003T074100Z/grading_20261003T074233_162723Z/official_11_Prob055_conditional_pair1_diagnostic/judge-scratch-wrqt5_8u/judge_Prob055_conditional_2784577/dut.sv TopModule 5.0 /workspace/team/runs/fpga_owner/r2_signedness_20261003T074100Z/grading_20261003T074233_162723Z/official_11_Prob055_conditional_pair1_diagnostic/judge-scratch-wrqt5_8u/judge_Prob055_conditional_2784577/w/synth/synth.json
# Log file           : /workspace/team/runs/fpga_owner/r2_signedness_20261003T074100Z/grading_20261003T074233_162723Z/official_11_Prob055_conditional_pair1_diagnostic/judge-scratch-wrqt5_8u/judge_Prob055_conditional_2784577/w/synth/vivado.log
# Journal file       : 
# Running On         : j-fontq6fjcos6yvgiu52yotzx5v
# Platform           : Ubuntu
# Operating System   : Ubuntu 24.04.4 LTS
# Processor Detail   : AMD EPYC 9334 32-Core Processor
# CPU Frequency      : 3898.112 MHz
# CPU Physical cores : 64
# CPU Logical cores  : 128
# Host memory        : 540696 MB
# Swap memory        : 0 MB
# Total Virtual      : 540696 MB
# Available Virtual  : 463808 MB
#-----------------------------------------------------------
source /workspace/team/tasks/autodl-rtl-kit/project/official_reference/selftest/judge/l3_synth.tcl -notrace
Command: synth_design -top TopModule -mode out_of_context -part xczu3eg-sbva484-1-e
Starting synth_design
Attempting to get a license for feature 'Vivado_Synthesis' and/or device 'xczu3eg'
INFO: [Common 17-349] Got license for feature 'Vivado_Synthesis' and/or device 'xczu3eg'
INFO: [Synth 8-7079] Multithreading enabled for synth_design using a maximum of 7 processes.
INFO: [Synth 8-7078] Launching helper process for spawning children vivado processes
INFO: [Synth 8-7075] Helper process launched with PID 2785210
---------------------------------------------------------------------------------
Starting Synthesize : Time (s): cpu = 00:00:03 ; elapsed = 00:00:03 . Memory (MB): peak = 2200.078 ; gain = 502.555 ; free physical = 92940 ; free virtual = 441097
---------------------------------------------------------------------------------
INFO: [Synth 8-6157] synthesizing module 'TopModule' [/workspace/team/runs/fpga_owner/r2_signedness_20261003T074100Z/grading_20261003T074233_162723Z/official_11_Prob055_conditional_pair1_diagnostic/judge-scratch-wrqt5_8u/judge_Prob055_conditional_2784577/dut.sv:1]
INFO: [Synth 8-6155] done synthesizing module 'TopModule' (0#1) [/workspace/team/runs/fpga_owner/r2_signedness_20261003T074100Z/grading_20261003T074233_162723Z/official_11_Prob055_conditional_pair1_diagnostic/judge-scratch-wrqt5_8u/judge_Prob055_conditional_2784577/dut.sv:1]
---------------------------------------------------------------------------------
Finished Synthesize : Time (s): cpu = 00:00:04 ; elapsed = 00:00:05 . Memory (MB): peak = 2285.047 ; gain = 587.523 ; free physical = 92860 ; free virtual = 441022
---------------------------------------------------------------------------------
---------------------------------------------------------------------------------
Finished Constraint Validation : Time (s): cpu = 00:00:05 ; elapsed = 00:00:05 . Memory (MB): peak = 2296.922 ; gain = 599.398 ; free physical = 92855 ; free virtual = 441018
---------------------------------------------------------------------------------
---------------------------------------------------------------------------------
Start Loading Part and Timing Information
---------------------------------------------------------------------------------
Loading part: xczu3eg-sbva484-1-e
INFO: [Synth 8-6742] Reading net delay rules and data
INFO: [Device 21-403] Loading part xczu3eg-sbva484-1-e
---------------------------------------------------------------------------------
Finished Loading Part and Timing Information : Time (s): cpu = 00:00:05 ; elapsed = 00:00:05 . Memory (MB): peak = 2305.828 ; gain = 608.305 ; free physical = 92850 ; free virtual = 441013
---------------------------------------------------------------------------------
---------------------------------------------------------------------------------
Finished RTL Optimization Phase 2 : Time (s): cpu = 00:00:05 ; elapsed = 00:00:05 . Memory (MB): peak = 2308.797 ; gain = 611.273 ; free physical = 92831 ; free virtual = 440995
---------------------------------------------------------------------------------
No constraint files found.
---------------------------------------------------------------------------------
Start RTL Component Statistics 
---------------------------------------------------------------------------------
Detailed RTL Component Info : 
+---Muxes : 
	   2 Input    8 Bit        Muxes := 4     
---------------------------------------------------------------------------------
Finished RTL Component Statistics 
---------------------------------------------------------------------------------
---------------------------------------------------------------------------------
Start Part Resource Summary
---------------------------------------------------------------------------------
Part Resources:
DSPs: 360 (col length:72)
BRAMs: 432 (col length: RAMB18 72 RAMB36 36)
---------------------------------------------------------------------------------
Finished Part Resource Summary
---------------------------------------------------------------------------------
No constraint files found.
---------------------------------------------------------------------------------
Start Cross Boundary and Area Optimization
---------------------------------------------------------------------------------
---------------------------------------------------------------------------------
Finished Cross Boundary and Area Optimization : Time (s): cpu = 00:00:09 ; elapsed = 00:00:10 . Memory (MB): peak = 3030.891 ; gain = 1333.367 ; free physical = 92216 ; free virtual = 440391
---------------------------------------------------------------------------------
No constraint files found.
---------------------------------------------------------------------------------
Start Timing Optimization
---------------------------------------------------------------------------------
---------------------------------------------------------------------------------
Finished Timing Optimization : Time (s): cpu = 00:00:09 ; elapsed = 00:00:10 . Memory (MB): peak = 3030.891 ; gain = 1333.367 ; free physical = 92217 ; free virtual = 440391
---------------------------------------------------------------------------------
---------------------------------------------------------------------------------
Start Technology Mapping
---------------------------------------------------------------------------------
---------------------------------------------------------------------------------
Finished Technology Mapping : Time (s): cpu = 00:00:09 ; elapsed = 00:00:10 . Memory (MB): peak = 3030.891 ; gain = 1333.367 ; free physical = 92217 ; free virtual = 440391
---------------------------------------------------------------------------------
---------------------------------------------------------------------------------
Start IO Insertion
---------------------------------------------------------------------------------
---------------------------------------------------------------------------------
Start Flattening Before IO Insertion
---------------------------------------------------------------------------------
---------------------------------------------------------------------------------
Finished Flattening Before IO Insertion
---------------------------------------------------------------------------------
---------------------------------------------------------------------------------
Start Final Netlist Cleanup
---------------------------------------------------------------------------------
---------------------------------------------------------------------------------
Finished Final Netlist Cleanup
---------------------------------------------------------------------------------
---------------------------------------------------------------------------------
Finished IO Insertion : Time (s): cpu = 00:00:11 ; elapsed = 00:00:12 . Memory (MB): peak = 3072.703 ; gain = 1375.180 ; free physical = 91797 ; free virtual = 439976
---------------------------------------------------------------------------------
---------------------------------------------------------------------------------
Start Renaming Generated Instances
---------------------------------------------------------------------------------
---------------------------------------------------------------------------------
Finished Renaming Generated Instances : Time (s): cpu = 00:00:11 ; elapsed = 00:00:12 . Memory (MB): peak = 3072.703 ; gain = 1375.180 ; free physical = 91797 ; free virtual = 439976
---------------------------------------------------------------------------------
---------------------------------------------------------------------------------
Start Rebuilding User Hierarchy
---------------------------------------------------------------------------------
---------------------------------------------------------------------------------
Finished Rebuilding User Hierarchy : Time (s): cpu = 00:00:11 ; elapsed = 00:00:12 . Memory (MB): peak = 3072.703 ; gain = 1375.180 ; free physical = 91797 ; free virtual = 439976
---------------------------------------------------------------------------------
---------------------------------------------------------------------------------
Start Renaming Generated Ports
---------------------------------------------------------------------------------
---------------------------------------------------------------------------------
Finished Renaming Generated Ports : Time (s): cpu = 00:00:11 ; elapsed = 00:00:12 . Memory (MB): peak = 3072.703 ; gain = 1375.180 ; free physical = 91797 ; free virtual = 439976
---------------------------------------------------------------------------------
---------------------------------------------------------------------------------
Start Handling Custom Attributes
---------------------------------------------------------------------------------
---------------------------------------------------------------------------------
Finished Handling Custom Attributes : Time (s): cpu = 00:00:11 ; elapsed = 00:00:12 . Memory (MB): peak = 3072.703 ; gain = 1375.180 ; free physical = 91797 ; free virtual = 439976
---------------------------------------------------------------------------------
---------------------------------------------------------------------------------
Start Renaming Generated Nets
---------------------------------------------------------------------------------
---------------------------------------------------------------------------------
Finished Renaming Generated Nets : Time (s): cpu = 00:00:11 ; elapsed = 00:00:12 . Memory (MB): peak = 3072.703 ; gain = 1375.180 ; free physical = 91797 ; free virtual = 439976
---------------------------------------------------------------------------------
---------------------------------------------------------------------------------
Start Writing Synthesis Report
---------------------------------------------------------------------------------

Report BlackBoxes: 
+-+--------------+----------+
| |BlackBox name |Instances |
+-+--------------+----------+
+-+--------------+----------+

Report Cell Usage: 
+------+-------+------+
|      |Cell   |Count |
+------+-------+------+
|1     |CARRY8 |     4|
|2     |LUT3   |     8|
|3     |LUT4   |    16|
|4     |LUT6   |    24|
+------+-------+------+

Report Instance Areas: 
+------+---------+-------+------+
|      |Instance |Module |Cells |
+------+---------+-------+------+
|1     |top      |       |    52|
+------+---------+-------+------+
---------------------------------------------------------------------------------
Finished Writing Synthesis Report : Time (s): cpu = 00:00:11 ; elapsed = 00:00:12 . Memory (MB): peak = 3072.703 ; gain = 1375.180 ; free physical = 91797 ; free virtual = 439976
---------------------------------------------------------------------------------
Synthesis finished with 0 errors, 0 critical warnings and 0 warnings.
Synthesis Optimization Runtime : Time (s): cpu = 00:00:11 ; elapsed = 00:00:12 . Memory (MB): peak = 3072.703 ; gain = 1375.180 ; free physical = 91796 ; free virtual = 439976
Synthesis Optimization Complete : Time (s): cpu = 00:00:11 ; elapsed = 00:00:12 . Memory (MB): peak = 3075.672 ; gain = 1375.180 ; free physical = 91795 ; free virtual = 439975
INFO: [Project 1-571] Translating synthesized netlist
Netlist sorting complete. Time (s): cpu = 00:00:00 ; elapsed = 00:00:00 . Memory (MB): peak = 3086.578 ; gain = 0.000 ; free physical = 91883 ; free virtual = 440063
INFO: [Netlist 29-17] Analyzing 4 Unisim elements for replacement
INFO: [Netlist 29-28] Unisim Transformation completed in 0 CPU seconds
INFO: [Project 1-570] Preparing netlist for logic optimization
INFO: [Opt 31-138] Pushed 0 inverter(s) to 0 load pin(s).
Netlist sorting complete. Time (s): cpu = 00:00:00 ; elapsed = 00:00:00 . Memory (MB): peak = 3210.793 ; gain = 0.000 ; free physical = 91632 ; free virtual = 439943
INFO: [Project 1-111] Unisim Transformation Summary:
No Unisim elements were transformed.

Synth Design complete | Checksum: 2a3419df
INFO: [Common 17-83] Releasing license: Vivado_Synthesis
15 Infos, 0 Warnings, 0 Critical Warnings and 0 Errors encountered.
synth_design completed successfully
synth_design: Time (s): cpu = 00:00:15 ; elapsed = 00:00:15 . Memory (MB): peak = 3213.762 ; gain = 1516.238 ; free physical = 91608 ; free virtual = 439919
INFO: [Common 17-2834] synth_design peak Physical Memory [PSS] (MB): overall = 2404.020; main = 2338.353; forked = 248.924
INFO: [Common 17-2834] synth_design peak Virtual Memory [VSS] (MB): overall = 4053.062; main = 3213.766; forked = 1022.168
L3_OK: LUT=48 FF=0 DSP=0 BRAM=0 Fmax=
INFO: [Common 17-206] Exiting Vivado at Sat Oct  3 07:47:59 2026...
