{"stage": "official", "sample": "00_Prob086_lfsr5_pair0_diagnostic", "level": 1}
{"stage": "official", "sample": "01_Prob086_lfsr5_pair0_control", "level": 1}
{"stage": "official", "sample": "02_Prob086_lfsr5_pair1_control", "level": 1}
{"stage": "official", "sample": "03_Prob086_lfsr5_pair1_diagnostic", "level": 1}
{"stage": "official", "sample": "04_Prob085_shift4_pair0_diagnostic", "level": 3}
{"stage": "official", "sample": "05_Prob085_shift4_pair0_control", "level": 3}
{"stage": "official", "sample": "06_Prob085_shift4_pair1_control", "level": 3}
{"stage": "official", "sample": "07_Prob085_shift4_pair1_diagnostic", "level": 3}
{"stage": "official", "sample": "08_Prob033_ece241_2014_q1c_pair0_diagnostic", "level": 3}
{"stage": "official", "sample": "09_Prob033_ece241_2014_q1c_pair0_control", "level": 3}
{"stage": "official", "sample": "10_Prob033_ece241_2014_q1c_pair1_control", "level": 3}
{"stage": "official", "sample": "11_Prob033_ece241_2014_q1c_pair1_diagnostic", "level": 3}
{"stage": "probe", "sample": "00_Prob086_lfsr5_pair0_diagnostic", "status": "fail"}
{"stage": "probe", "sample": "01_Prob086_lfsr5_pair0_control", "status": "fail"}
{"stage": "probe", "sample": "02_Prob086_lfsr5_pair1_control", "status": "fail"}
{"stage": "probe", "sample": "03_Prob086_lfsr5_pair1_diagnostic", "status": "fail"}
{"stage": "probe", "sample": "04_Prob085_shift4_pair0_diagnostic", "status": "pass"}
{"stage": "probe", "sample": "05_Prob085_shift4_pair0_control", "status": "pass"}
{"stage": "probe", "sample": "06_Prob085_shift4_pair1_control", "status": "pass"}
{"stage": "probe", "sample": "07_Prob085_shift4_pair1_diagnostic", "status": "pass"}
{"stage": "probe", "sample": "08_Prob033_ece241_2014_q1c_pair0_diagnostic", "status": "pass"}
{"stage": "probe", "sample": "09_Prob033_ece241_2014_q1c_pair0_control", "status": "pass"}
{"stage": "probe", "sample": "10_Prob033_ece241_2014_q1c_pair1_control", "status": "pass"}
{"stage": "probe", "sample": "11_Prob033_ece241_2014_q1c_pair1_diagnostic", "status": "pass"}
{"output": "/workspace/team/codex_r3_state_20261003/run/grading_20261003T083420_820636Z", "complete": true, "status": "graded_complete", "decision": "no_promotion_archive_this_implementation", "errors": []}
