{
  "valid": true,
  "tasks": {
    "Prob033_ece241_2014_q1c": {
      "positive": [
        "pass",
        65536,
        0
      ],
      "negative": [
        "fail",
        65536,
        32512
      ],
      "archived": [
        "pass",
        65536,
        0
      ]
    },
    "Prob016_m2014_q4j": {
      "positive": [
        "pass",
        256,
        0
      ],
      "negative": [
        "fail",
        256,
        120
      ],
      "archived": [
        "pass",
        256,
        0
      ]
    },
    "Prob009_popcount3": {
      "positive": [
        "pass",
        8,
        0
      ],
      "negative": [
        "fail",
        8,
        4
      ],
      "archived": [
        "pass",
        8,
        0
      ]
    },
    "Prob085_shift4": {
      "positive": [
        "pass",
        209,
        0
      ],
      "negative": [
        "fail",
        209,
        40
      ],
      "archived": [
        "pass",
        209,
        0
      ]
    },
    "Prob123_bugs_addsubz": {
      "positive": [
        "pass",
        131072,
        0
      ],
      "negative": [
        "fail",
        131072,
        255
      ],
      "archived": [
        "pass",
        131072,
        0
      ]
    }
  }
}
