
===== [synth] vivado -mode batch -nojournal -notrace -source /workspace/team/tasks/autodl-rtl-kit/project/official_reference/selftest/judge/l3_synth.tcl -tclargs xczu3eg-sbva484-1-e /workspace/team/codex_r3_state_20261003/run/grading_20261003T083420_820636Z/official_10_Prob033_ece241_2014_q1c_pair1_control/judge-scratch-vw1jx8rg/judge_Prob033_ece241_2014_q1c_2809096/dut.sv TopModule 5.0 /workspace/team/codex_r3_state_20261003/run/grading_20261003T083420_820636Z/official_10_Prob033_ece241_2014_q1c_pair1_control/judge-scratch-vw1jx8rg/judge_Prob033_ece241_2014_q1c_2809096/w/synth/synth.json =====
WARNING: The locale 'C.utf8' is not installed on your system.\nPlease install it by running:\n  Ubuntu/Debian: sudo locale-gen C.utf8 && sudo update-locale\n  RHEL/CentOS:   sudo localedef -i en_US -f UTF-8 C.utf8
INFO: [Common 17-3922] A valid Vivado Design Suite BASIC license has been detected. Your current license is active and will expire on 01-oct-2027.

****** Vivado v2026.1 (64-bit)
  **** SW Build 6511674 on Tue Jun 16 11:01:26 MDT 2026
  **** IP Build 6504888 on Tue Jun 09 09:05:25 MDT 2026
  **** SharedData Build 6501428 on Mon Jun 08 17:34:18 MDT 2026
  **** Start of session at: Sat Oct  3 08:38:54 2026
    ** Copyright 1986-2022 Xilinx, Inc. All Rights Reserved.
    ** Copyright 2022-2026 Advanced Micro Devices, Inc. All Rights Reserved.

source /workspace/team/tasks/autodl-rtl-kit/project/official_reference/selftest/judge/l3_synth.tcl -notrace
Command: synth_design -top TopModule -mode out_of_context -part xczu3eg-sbva484-1-e
Starting synth_design
Attempting to get a license for feature 'Vivado_Synthesis' and/or device 'xczu3eg'
INFO: [Common 17-349] Got license for feature 'Vivado_Synthesis' and/or device 'xczu3eg'
INFO: [Synth 8-7079] Multithreading enabled for synth_design using a maximum of 7 processes.
INFO: [Synth 8-7078] Launching helper process for spawning children vivado processes
INFO: [Synth 8-7075] Helper process launched with PID 2809726
---------------------------------------------------------------------------------
Starting Synthesize : Time (s): cpu = 00:00:03 ; elapsed = 00:00:03 . Memory (MB): peak = 2200.152 ; gain = 502.555 ; free physical = 44579 ; free virtual = 441503
---------------------------------------------------------------------------------
INFO: [Synth 8-6157] synthesizing module 'TopModule' [/workspace/team/codex_r3_state_20261003/run/grading_20261003T083420_820636Z/official_10_Prob033_ece241_2014_q1c_pair1_control/judge-scratch-vw1jx8rg/judge_Prob033_ece241_2014_q1c_2809096/dut.sv:1]
INFO: [Synth 8-6155] done synthesizing module 'TopModule' (0#1) [/workspace/team/codex_r3_state_20261003/run/grading_20261003T083420_820636Z/official_10_Prob033_ece241_2014_q1c_pair1_control/judge-scratch-vw1jx8rg/judge_Prob033_ece241_2014_q1c_2809096/dut.sv:1]
---------------------------------------------------------------------------------
Finished Synthesize : Time (s): cpu = 00:00:04 ; elapsed = 00:00:04 . Memory (MB): peak = 2285.121 ; gain = 587.523 ; free physical = 44405 ; free virtual = 441396
---------------------------------------------------------------------------------
---------------------------------------------------------------------------------
Finished Constraint Validation : Time (s): cpu = 00:00:05 ; elapsed = 00:00:05 . Memory (MB): peak = 2299.965 ; gain = 602.367 ; free physical = 44399 ; free virtual = 441404
---------------------------------------------------------------------------------
---------------------------------------------------------------------------------
Start Loading Part and Timing Information
---------------------------------------------------------------------------------
Loading part: xczu3eg-sbva484-1-e
INFO: [Synth 8-6742] Reading net delay rules and data
INFO: [Device 21-403] Loading part xczu3eg-sbva484-1-e
---------------------------------------------------------------------------------
Finished Loading Part and Timing Information : Time (s): cpu = 00:00:05 ; elapsed = 00:00:05 . Memory (MB): peak = 2308.871 ; gain = 611.273 ; free physical = 44399 ; free virtual = 441403
---------------------------------------------------------------------------------
---------------------------------------------------------------------------------
Finished RTL Optimization Phase 2 : Time (s): cpu = 00:00:05 ; elapsed = 00:00:05 . Memory (MB): peak = 2308.871 ; gain = 611.273 ; free physical = 44393 ; free virtual = 441399
---------------------------------------------------------------------------------
No constraint files found.
---------------------------------------------------------------------------------
Start RTL Component Statistics 
---------------------------------------------------------------------------------
Detailed RTL Component Info : 
+---Adders : 
	   2 Input    8 Bit       Adders := 1     
---------------------------------------------------------------------------------
Finished RTL Component Statistics 
---------------------------------------------------------------------------------
---------------------------------------------------------------------------------
Start Part Resource Summary
---------------------------------------------------------------------------------
Part Resources:
DSPs: 360 (col length:72)
BRAMs: 432 (col length: RAMB18 72 RAMB36 36)
---------------------------------------------------------------------------------
Finished Part Resource Summary
---------------------------------------------------------------------------------
No constraint files found.
---------------------------------------------------------------------------------
Start Cross Boundary and Area Optimization
---------------------------------------------------------------------------------
---------------------------------------------------------------------------------
Finished Cross Boundary and Area Optimization : Time (s): cpu = 00:00:09 ; elapsed = 00:00:09 . Memory (MB): peak = 3020.145 ; gain = 1322.547 ; free physical = 43360 ; free virtual = 440708
---------------------------------------------------------------------------------
No constraint files found.
---------------------------------------------------------------------------------
Start Timing Optimization
---------------------------------------------------------------------------------
---------------------------------------------------------------------------------
Finished Timing Optimization : Time (s): cpu = 00:00:09 ; elapsed = 00:00:10 . Memory (MB): peak = 3020.145 ; gain = 1322.547 ; free physical = 43344 ; free virtual = 440706
---------------------------------------------------------------------------------
---------------------------------------------------------------------------------
Start Technology Mapping
---------------------------------------------------------------------------------
---------------------------------------------------------------------------------
Finished Technology Mapping : Time (s): cpu = 00:00:09 ; elapsed = 00:00:10 . Memory (MB): peak = 3020.145 ; gain = 1322.547 ; free physical = 43344 ; free virtual = 440706
---------------------------------------------------------------------------------
---------------------------------------------------------------------------------
Start IO Insertion
---------------------------------------------------------------------------------
---------------------------------------------------------------------------------
Start Flattening Before IO Insertion
---------------------------------------------------------------------------------
---------------------------------------------------------------------------------
Finished Flattening Before IO Insertion
---------------------------------------------------------------------------------
---------------------------------------------------------------------------------
Start Final Netlist Cleanup
---------------------------------------------------------------------------------
---------------------------------------------------------------------------------
Finished Final Netlist Cleanup
---------------------------------------------------------------------------------
---------------------------------------------------------------------------------
Finished IO Insertion : Time (s): cpu = 00:00:11 ; elapsed = 00:00:12 . Memory (MB): peak = 3063.957 ; gain = 1366.359 ; free physical = 43314 ; free virtual = 440683
---------------------------------------------------------------------------------
---------------------------------------------------------------------------------
Start Renaming Generated Instances
---------------------------------------------------------------------------------
---------------------------------------------------------------------------------
Finished Renaming Generated Instances : Time (s): cpu = 00:00:11 ; elapsed = 00:00:12 . Memory (MB): peak = 3063.957 ; gain = 1366.359 ; free physical = 43314 ; free virtual = 440683
---------------------------------------------------------------------------------
---------------------------------------------------------------------------------
Start Rebuilding User Hierarchy
---------------------------------------------------------------------------------
---------------------------------------------------------------------------------
Finished Rebuilding User Hierarchy : Time (s): cpu = 00:00:11 ; elapsed = 00:00:12 . Memory (MB): peak = 3063.957 ; gain = 1366.359 ; free physical = 43314 ; free virtual = 440683
---------------------------------------------------------------------------------
---------------------------------------------------------------------------------
Start Renaming Generated Ports
---------------------------------------------------------------------------------
---------------------------------------------------------------------------------
Finished Renaming Generated Ports : Time (s): cpu = 00:00:11 ; elapsed = 00:00:12 . Memory (MB): peak = 3063.957 ; gain = 1366.359 ; free physical = 43314 ; free virtual = 440683
---------------------------------------------------------------------------------
---------------------------------------------------------------------------------
Start Handling Custom Attributes
---------------------------------------------------------------------------------
---------------------------------------------------------------------------------
Finished Handling Custom Attributes : Time (s): cpu = 00:00:11 ; elapsed = 00:00:12 . Memory (MB): peak = 3063.957 ; gain = 1366.359 ; free physical = 43314 ; free virtual = 440683
---------------------------------------------------------------------------------
---------------------------------------------------------------------------------
Start Renaming Generated Nets
---------------------------------------------------------------------------------
---------------------------------------------------------------------------------
Finished Renaming Generated Nets : Time (s): cpu = 00:00:11 ; elapsed = 00:00:12 . Memory (MB): peak = 3063.957 ; gain = 1366.359 ; free physical = 43314 ; free virtual = 440683
---------------------------------------------------------------------------------
---------------------------------------------------------------------------------
Start Writing Synthesis Report
---------------------------------------------------------------------------------

Report BlackBoxes: 
+-+--------------+----------+
| |BlackBox name |Instances |
+-+--------------+----------+
+-+--------------+----------+

Report Cell Usage: 
+------+-----+------+
|      |Cell |Count |
+------+-----+------+
|1     |LUT2 |     1|
|2     |LUT3 |     3|
|3     |LUT4 |     1|
|4     |LUT5 |     5|
|5     |LUT6 |     2|
+------+-----+------+

Report Instance Areas: 
+------+---------+-------+------+
|      |Instance |Module |Cells |
+------+---------+-------+------+
|1     |top      |       |    12|
+------+---------+-------+------+
---------------------------------------------------------------------------------
Finished Writing Synthesis Report : Time (s): cpu = 00:00:11 ; elapsed = 00:00:12 . Memory (MB): peak = 3063.957 ; gain = 1366.359 ; free physical = 43314 ; free virtual = 440683
---------------------------------------------------------------------------------
Synthesis finished with 0 errors, 0 critical warnings and 0 warnings.
Synthesis Optimization Runtime : Time (s): cpu = 00:00:11 ; elapsed = 00:00:12 . Memory (MB): peak = 3063.957 ; gain = 1366.359 ; free physical = 43314 ; free virtual = 440683
Synthesis Optimization Complete : Time (s): cpu = 00:00:11 ; elapsed = 00:00:12 . Memory (MB): peak = 3066.926 ; gain = 1366.359 ; free physical = 43314 ; free virtual = 440683
INFO: [Project 1-571] Translating synthesized netlist
Netlist sorting complete. Time (s): cpu = 00:00:00 ; elapsed = 00:00:00 . Memory (MB): peak = 3077.832 ; gain = 0.000 ; free physical = 43381 ; free virtual = 440751
INFO: [Project 1-570] Preparing netlist for logic optimization
INFO: [Opt 31-138] Pushed 0 inverter(s) to 0 load pin(s).
Netlist sorting complete. Time (s): cpu = 00:00:00 ; elapsed = 00:00:00 . Memory (MB): peak = 3160.332 ; gain = 0.000 ; free physical = 43313 ; free virtual = 440685
INFO: [Project 1-111] Unisim Transformation Summary:
No Unisim elements were transformed.

Synth Design complete | Checksum: 6894f85d
INFO: [Common 17-83] Releasing license: Vivado_Synthesis
13 Infos, 0 Warnings, 0 Critical Warnings and 0 Errors encountered.
synth_design completed successfully
synth_design: Time (s): cpu = 00:00:15 ; elapsed = 00:00:14 . Memory (MB): peak = 3163.301 ; gain = 1465.703 ; free physical = 43320 ; free virtual = 440692
INFO: [Common 17-2834] synth_design peak Physical Memory [PSS] (MB): overall = 2399.332; main = 2329.153; forked = 248.950
INFO: [Common 17-2834] synth_design peak Virtual Memory [VSS] (MB): overall = 4042.316; main = 3163.305; forked = 1022.168
L3_OK: LUT=12 FF=0 DSP=0 BRAM=0 Fmax=
INFO: [Common 17-206] Exiting Vivado at Sat Oct  3 08:39:12 2026...
